// Jest Snapshot v1, https://goo.gl/fbAQLP

exports[`ForecastSummaries renders as expected 1`] = `
<DocumentFragment>
  <div
    class="forecast-summaries"
  >
    <div
      class="forecast-summary"
      data-testid="forecast-summary"
    >
      <div
        class="forecast-summary__date"
      >
        Thu 1st Jan
      </div>
      <div
        class="forecast-summary__icon"
        data-testid="forecast-icon"
      >
        <i
          class="wi wi-day-sunny "
          data-testid="icon"
        />
      </div>
      <div
        class="forecast-summary__temperature"
      >
        22°C
      </div>
      <div
        class="forecast-summary__description"
      >
        Stub description 1
      </div>
      <div
        class="forecast-summary__details"
      >
        <button
          type="button"
        >
          More details
        </button>
      </div>
    </div>
    <div
      class="forecast-summary"
      data-testid="forecast-summary"
    >
      <div
        class="forecast-summary__date"
      >
        Thu 1st Jan
      </div>
      <div
        class="forecast-summary__icon"
        data-testid="forecast-icon"
      >
        <i
          class="wi wi-day-snow "
          data-testid="icon"
        />
      </div>
      <div
        class="forecast-summary__temperature"
      >
        24°C
      </div>
      <div
        class="forecast-summary__description"
      >
        Stub description2
      </div>
      <div
        class="forecast-summary__details"
      >
        <button
          type="button"
        >
          More details
        </button>
      </div>
    </div>
  </div>
</DocumentFragment>
`;
